// Jest Snapshot v1, https://goo.gl/fbAQLP

exports[`자유게시판 수정 페이지 Unit Test & Integration Test 게시판 수정 페이지 스냅샷 테스트 1`] = `
<div>
  
  <h2
    class="css-1iws72y"
  >
    게시물 
    수정
  </h2>
  <div
    class="css-1nu9z0v"
  >
    <div
      class="css-1p63ots"
    >
      <h4
        class="css-qmq5zt"
      >
        작성자
      </h4>
      <input
        class="css-4si2gt"
        role="writer"
        type="text"
        value="test"
      />
    </div>
    <div
      class="css-1p63ots"
    >
      <h4
        class="css-qmq5zt"
      >
        비밀번호
      </h4>
      <input
        class="css-4si2gt"
        role="password"
        type="password"
      />
    </div>
  </div>
  <div
    class="css-1p63ots"
  >
    <h4
      class="css-qmq5zt"
    >
      제목
    </h4>
    <input
      class="css-10fc8nt"
      role="title"
      type="text"
      value="test"
    />
  </div>
  <div
    class="css-sabcgf"
  >
    <h4
      class="css-qmq5zt"
    >
      내용
    </h4>
    <p>
      Loading ...
    </p>
  </div>
  <div
    class="css-iy9twh"
  >
    <h4
      class="css-qmq5zt"
    >
      사진 첨부
    </h4>
    <div
      class="css-2j4r9o"
    >
      <div
        class="css-ieayhg"
      >
        <div
          class="css-mg6t8m"
        >
          <div
            class="css-1kbdxi2"
          >
            +
          </div>
          <div
            class="css-1nx70zi"
          >
            Upload
          </div>
        </div>
        <input
          accept="image/jpeg, image/jpg, image/png"
          class="css-38lglc"
          type="file"
        />
      </div>
      <div
        class="css-ieayhg"
      >
        <div
          class="css-mg6t8m"
        >
          <div
            class="css-1kbdxi2"
          >
            +
          </div>
          <div
            class="css-1nx70zi"
          >
            Upload
          </div>
        </div>
        <input
          accept="image/jpeg, image/jpg, image/png"
          class="css-38lglc"
          type="file"
        />
      </div>
      <div
        class="css-ieayhg"
      >
        <div
          class="css-mg6t8m"
        >
          <div
            class="css-1kbdxi2"
          >
            +
          </div>
          <div
            class="css-1nx70zi"
          >
            Upload
          </div>
        </div>
        <input
          accept="image/jpeg, image/jpg, image/png"
          class="css-38lglc"
          type="file"
        />
      </div>
    </div>
  </div>
  <div
    class="css-1q2lbmy"
  >
    <div
      class="css-esuycf"
    >
      수정하기
    </div>
  </div>
</div>
`;
